Archive member included to satisfy reference by file (symbol)

e:/microprocessors-microcontrollers/stm32cubeide_1.7.0/stm32cubeide/plugins/com.st.stm32cube.ide.mcu.externaltools.gnu-tools-for-stm32.9-2020-q2-update.win32_2.0.0.202105311346/tools/bin/../lib/gcc/arm-none-eabi/9.3.1/../../../../arm-none-eabi/lib/thumb/v7-m/nofp\libc_nano.a(lib_a-errno.o)
                              ./Core/Src/syscalls.o (__errno)
e:/microprocessors-microcontrollers/stm32cubeide_1.7.0/stm32cubeide/plugins/com.st.stm32cube.ide.mcu.externaltools.gnu-tools-for-stm32.9-2020-q2-update.win32_2.0.0.202105311346/tools/bin/../lib/gcc/arm-none-eabi/9.3.1/../../../../arm-none-eabi/lib/thumb/v7-m/nofp\libc_nano.a(lib_a-exit.o)
                              e:/microprocessors-microcontrollers/stm32cubeide_1.7.0/stm32cubeide/plugins/com.st.stm32cube.ide.mcu.externaltools.gnu-tools-for-stm32.9-2020-q2-update.win32_2.0.0.202105311346/tools/bin/../lib/gcc/arm-none-eabi/9.3.1/../../../../arm-none-eabi/lib/thumb/v7-m/nofp/crt0.o (exit)
e:/microprocessors-microcontrollers/stm32cubeide_1.7.0/stm32cubeide/plugins/com.st.stm32cube.ide.mcu.externaltools.gnu-tools-for-stm32.9-2020-q2-update.win32_2.0.0.202105311346/tools/bin/../lib/gcc/arm-none-eabi/9.3.1/../../../../arm-none-eabi/lib/thumb/v7-m/nofp\libc_nano.a(lib_a-impure.o)
                              e:/microprocessors-microcontrollers/stm32cubeide_1.7.0/stm32cubeide/plugins/com.st.stm32cube.ide.mcu.externaltools.gnu-tools-for-stm32.9-2020-q2-update.win32_2.0.0.202105311346/tools/bin/../lib/gcc/arm-none-eabi/9.3.1/../../../../arm-none-eabi/lib/thumb/v7-m/nofp\libc_nano.a(lib_a-exit.o) (_global_impure_ptr)
e:/microprocessors-microcontrollers/stm32cubeide_1.7.0/stm32cubeide/plugins/com.st.stm32cube.ide.mcu.externaltools.gnu-tools-for-stm32.9-2020-q2-update.win32_2.0.0.202105311346/tools/bin/../lib/gcc/arm-none-eabi/9.3.1/../../../../arm-none-eabi/lib/thumb/v7-m/nofp\libc_nano.a(lib_a-init.o)
                              e:/microprocessors-microcontrollers/stm32cubeide_1.7.0/stm32cubeide/plugins/com.st.stm32cube.ide.mcu.externaltools.gnu-tools-for-stm32.9-2020-q2-update.win32_2.0.0.202105311346/tools/bin/../lib/gcc/arm-none-eabi/9.3.1/../../../../arm-none-eabi/lib/thumb/v7-m/nofp/crt0.o (__libc_init_array)
e:/microprocessors-microcontrollers/stm32cubeide_1.7.0/stm32cubeide/plugins/com.st.stm32cube.ide.mcu.externaltools.gnu-tools-for-stm32.9-2020-q2-update.win32_2.0.0.202105311346/tools/bin/../lib/gcc/arm-none-eabi/9.3.1/../../../../arm-none-eabi/lib/thumb/v7-m/nofp\libc_nano.a(lib_a-memset.o)
                              e:/microprocessors-microcontrollers/stm32cubeide_1.7.0/stm32cubeide/plugins/com.st.stm32cube.ide.mcu.externaltools.gnu-tools-for-stm32.9-2020-q2-update.win32_2.0.0.202105311346/tools/bin/../lib/gcc/arm-none-eabi/9.3.1/../../../../arm-none-eabi/lib/thumb/v7-m/nofp/crt0.o (memset)

Allocating common symbols
Common symbol       size              file

savecounterred02    0x4               ./Core/Src/led7_segment.o
SCH_tasks_G         0x320             ./Core/Src/scheduler.o
task_id1            0x4               ./Core/Src/fsm_automatic.o
task_id5            0x4               ./Core/Src/fsm_automatic.o
timer_counter       0x28              ./Core/Src/software_timer.o
uwTick              0x4               ./Drivers/STM32F1xx_HAL_Driver/Src/stm32f1xx_hal.o
pFlash              0x20              ./Drivers/STM32F1xx_HAL_Driver/Src/stm32f1xx_hal_flash.o
task_id11           0x4               ./Core/Src/fsm_automatic.o
task_id10           0x4               ./Core/Src/fsm_automatic.o
savecountergreen13  0x4               ./Core/Src/led7_segment.o
checkcountergreen   0x4               ./Core/Src/led7_segment.o
checkcountergreen02
                    0x4               ./Core/Src/led7_segment.o
task_id7            0x4               ./Core/Src/fsm_automatic.o
task_id4            0x4               ./Core/Src/fsm_automatic.o
checkcounterred     0x4               ./Core/Src/led7_segment.o
task_id12           0x4               ./Core/Src/fsm_automatic.o
task_id6            0x4               ./Core/Src/fsm_automatic.o
task_id15           0x4               ./Core/Src/fsm_automatic.o
savecounterred13    0x4               ./Core/Src/led7_segment.o
timer_flag          0x28              ./Core/Src/software_timer.o
task_id9            0x4               ./Core/Src/fsm_automatic.o
savecountergreen02  0x4               ./Core/Src/led7_segment.o
checkcounterred02   0x4               ./Core/Src/led7_segment.o
htim2               0x48              ./Core/Src/main.o
task_id8            0x4               ./Core/Src/fsm_automatic.o
task_id2            0x4               ./Core/Src/fsm_automatic.o
task_id13           0x4               ./Core/Src/fsm_automatic.o
task_id3            0x4               ./Core/Src/fsm_automatic.o
task_id14           0x4               ./Core/Src/fsm_automatic.o

Discarded input sections

[...]
Memory Configuration

Name             Origin             Length             Attributes
RAM              0x0000000020000000 0x0000000000002800 xrw
FLASH            0x0000000008000000 0x0000000000008000 xr
*default*        0x0000000000000000 0xffffffffffffffff

Linker script and memory map

LOAD e:/microprocessors-microcontrollers/stm32cubeide_1.7.0/stm32cubeide/plugins/com.st.stm32cube.ide.mcu.externaltools.gnu-tools-for-stm32.9-2020-q2-update.win32_2.0.0.202105311346/tools/bin/../lib/gcc/arm-none-eabi/9.3.1/thumb/v7-m/nofp/crti.o
LOAD e:/microprocessors-microcontrollers/stm32cubeide_1.7.0/stm32cubeide/plugins/com.st.stm32cube.ide.mcu.externaltools.gnu-tools-for-stm32.9-2020-q2-update.win32_2.0.0.202105311346/tools/bin/../lib/gcc/arm-none-eabi/9.3.1/thumb/v7-m/nofp/crtbegin.o
LOAD e:/microprocessors-microcontrollers/stm32cubeide_1.7.0/stm32cubeide/plugins/com.st.stm32cube.ide.mcu.externaltools.gnu-tools-for-stm32.9-2020-q2-update.win32_2.0.0.202105311346/tools/bin/../lib/gcc/arm-none-eabi/9.3.1/../../../../arm-none-eabi/lib/thumb/v7-m/nofp/crt0.o
LOAD ./Core/Src/button.o
LOAD ./Core/Src/fsm_automatic.o
LOAD ./Core/Src/fsm_manual.o
LOAD ./Core/Src/fsm_setting.o
LOAD ./Core/Src/global.o
LOAD ./Core/Src/led7_segment.o
LOAD ./Core/Src/main.o
LOAD ./Core/Src/scheduler.o
LOAD ./Core/Src/software_timer.o
LOAD ./Core/Src/stm32f1xx_hal_msp.o
LOAD ./Core/Src/stm32f1xx_it.o
LOAD ./Core/Src/syscalls.o
LOAD ./Core/Src/sysmem.o
LOAD ./Core/Src/system_stm32f1xx.o
LOAD ./Core/Src/traffic_light.o
LOAD ./Core/Startup/startup_stm32f103c6ux.o
LOAD ./Drivers/STM32F1xx_HAL_Driver/Src/stm32f1xx_hal.o
LOAD ./Drivers/STM32F1xx_HAL_Driver/Src/stm32f1xx_hal_cortex.o
LOAD ./Drivers/STM32F1xx_HAL_Driver/Src/stm32f1xx_hal_dma.o
LOAD ./Drivers/STM32F1xx_HAL_Driver/Src/stm32f1xx_hal_exti.o
LOAD ./Drivers/STM32F1xx_HAL_Driver/Src/stm32f1xx_hal_flash.o
LOAD ./Drivers/STM32F1xx_HAL_Driver/Src/stm32f1xx_hal_flash_ex.o
LOAD ./Drivers/STM32F1xx_HAL_Driver/Src/stm32f1xx_hal_gpio.o
LOAD ./Drivers/STM32F1xx_HAL_Driver/Src/stm32f1xx_hal_gpio_ex.o
LOAD ./Drivers/STM32F1xx_HAL_Driver/Src/stm32f1xx_hal_pwr.o
LOAD ./Drivers/STM32F1xx_HAL_Driver/Src/stm32f1xx_hal_rcc.o
LOAD ./Drivers/STM32F1xx_HAL_Driver/Src/stm32f1xx_hal_rcc_ex.o
LOAD ./Drivers/STM32F1xx_HAL_Driver/Src/stm32f1xx_hal_tim.o
LOAD ./Drivers/STM32F1xx_HAL_Driver/Src/stm32f1xx_hal_tim_ex.o
START GROUP
LOAD e:/microprocessors-microcontrollers/stm32cubeide_1.7.0/stm32cubeide/plugins/com.st.stm32cube.ide.mcu.externaltools.gnu-tools-for-stm32.9-2020-q2-update.win32_2.0.0.202105311346/tools/bin/../lib/gcc/arm-none-eabi/9.3.1/../../../../arm-none-eabi/lib/thumb/v7-m/nofp\libc_nano.a
LOAD e:/microprocessors-microcontrollers/stm32cubeide_1.7.0/stm32cubeide/plugins/com.st.stm32cube.ide.mcu.externaltools.gnu-tools-for-stm32.9-2020-q2-update.win32_2.0.0.202105311346/tools/bin/../lib/gcc/arm-none-eabi/9.3.1/../../../../arm-none-eabi/lib/thumb/v7-m/nofp\libm.a
END GROUP
START GROUP
LOAD e:/microprocessors-microcontrollers/stm32cubeide_1.7.0/stm32cubeide/plugins/com.st.stm32cube.ide.mcu.externaltools.gnu-tools-for-stm32.9-2020-q2-update.win32_2.0.0.202105311346/tools/bin/../lib/gcc/arm-none-eabi/9.3.1/thumb/v7-m/nofp\libgcc.a
LOAD e:/microprocessors-microcontrollers/stm32cubeide_1.7.0/stm32cubeide/plugins/com.st.stm32cube.ide.mcu.externaltools.gnu-tools-for-stm32.9-2020-q2-update.win32_2.0.0.202105311346/tools/bin/../lib/gcc/arm-none-eabi/9.3.1/../../../../arm-none-eabi/lib/thumb/v7-m/nofp\libc_nano.a
END GROUP
START GROUP
LOAD e:/microprocessors-microcontrollers/stm32cubeide_1.7.0/stm32cubeide/plugins/com.st.stm32cube.ide.mcu.externaltools.gnu-tools-for-stm32.9-2020-q2-update.win32_2.0.0.202105311346/tools/bin/../lib/gcc/arm-none-eabi/9.3.1/thumb/v7-m/nofp\libgcc.a
LOAD e:/microprocessors-microcontrollers/stm32cubeide_1.7.0/stm32cubeide/plugins/com.st.stm32cube.ide.mcu.externaltools.gnu-tools-for-stm32.9-2020-q2-update.win32_2.0.0.202105311346/tools/bin/../lib/gcc/arm-none-eabi/9.3.1/../../../../arm-none-eabi/lib/thumb/v7-m/nofp\libc_nano.a
LOAD e:/microprocessors-microcontrollers/stm32cubeide_1.7.0/stm32cubeide/plugins/com.st.stm32cube.ide.mcu.externaltools.gnu-tools-for-stm32.9-2020-q2-update.win32_2.0.0.202105311346/tools/bin/../lib/gcc/arm-none-eabi/9.3.1/../../../../arm-none-eabi/lib/thumb/v7-m/nofp\libnosys.a
END GROUP
START GROUP
LOAD e:/microprocessors-microcontrollers/stm32cubeide_1.7.0/stm32cubeide/plugins/com.st.stm32cube.ide.mcu.externaltools.gnu-tools-for-stm32.9-2020-q2-update.win32_2.0.0.202105311346/tools/bin/../lib/gcc/arm-none-eabi/9.3.1/thumb/v7-m/nofp\libgcc.a
LOAD e:/microprocessors-microcontrollers/stm32cubeide_1.7.0/stm32cubeide/plugins/com.st.stm32cube.ide.mcu.externaltools.gnu-tools-for-stm32.9-2020-q2-update.win32_2.0.0.202105311346/tools/bin/../lib/gcc/arm-none-eabi/9.3.1/../../../../arm-none-eabi/lib/thumb/v7-m/nofp\libc_nano.a
LOAD e:/microprocessors-microcontrollers/stm32cubeide_1.7.0/stm32cubeide/plugins/com.st.stm32cube.ide.mcu.externaltools.gnu-tools-for-stm32.9-2020-q2-update.win32_2.0.0.202105311346/tools/bin/../lib/gcc/arm-none-eabi/9.3.1/../../../../arm-none-eabi/lib/thumb/v7-m/nofp\libnosys.a
END GROUP
LOAD e:/microprocessors-microcontrollers/stm32cubeide_1.7.0/stm32cubeide/plugins/com.st.stm32cube.ide.mcu.externaltools.gnu-tools-for-stm32.9-2020-q2-update.win32_2.0.0.202105311346/tools/bin/../lib/gcc/arm-none-eabi/9.3.1/thumb/v7-m/nofp/crtend.o
LOAD e:/microprocessors-microcontrollers/stm32cubeide_1.7.0/stm32cubeide/plugins/com.st.stm32cube.ide.mcu.externaltools.gnu-tools-for-stm32.9-2020-q2-update.win32_2.0.0.202105311346/tools/bin/../lib/gcc/arm-none-eabi/9.3.1/thumb/v7-m/nofp/crtn.o
                0x0000000020002800                _estack = (ORIGIN (RAM) + LENGTH (RAM))
                0x0000000000000200                _Min_Heap_Size = 0x200
                0x0000000000000400                _Min_Stack_Size = 0x400

.isr_vector     0x0000000008000000      0x10c
                0x0000000008000000                . = ALIGN (0x4)
 *(.isr_vector)
 .isr_vector    0x0000000008000000      0x10c ./Core/Startup/startup_stm32f103c6ux.o
                0x0000000008000000                g_pfnVectors
                0x000000000800010c                . = ALIGN (0x4)

.text           0x000000000800010c     0x3de4
                0x000000000800010c                . = ALIGN (0x4)
 *(.text)
 .text          0x000000000800010c       0x40 e:/microprocessors-microcontrollers/stm32cubeide_1.7.0/stm32cubeide/plugins/com.st.stm32cube.ide.mcu.externaltools.gnu-tools-for-stm32.9-2020-q2-update.win32_2.0.0.202105311346/tools/bin/../lib/gcc/arm-none-eabi/9.3.1/thumb/v7-m/nofp/crtbegin.o
 *(.text*)
 .text.isButtonPressed
                0x000000000800014c       0x34 ./Core/Src/button.o
                0x000000000800014c                isButtonPressed
 .text.subKeyProcess
                0x0000000008000180       0x20 ./Core/Src/button.o
                0x0000000008000180                subKeyProcess
 .text.getKeyInput
                0x00000000080001a0      0x114 ./Core/Src/button.o
                0x00000000080001a0                getKeyInput
 .text.fsm_automatic_run
                0x00000000080002b4      0x6cc ./Core/Src/fsm_automatic.o
                0x00000000080002b4                fsm_automatic_run
 .text.fsm_manual_run
                0x0000000008000980      0x270 ./Core/Src/fsm_manual.o
                0x0000000008000980                fsm_manual_run
 .text.fsm_setting_run
                0x0000000008000bf0      0x544 ./Core/Src/fsm_setting.o
                0x0000000008000bf0                fsm_setting_run
 .text.status_transition_AUTO_GREEN1_RED2
                0x0000000008001134       0x60 ./Core/Src/global.o
                0x0000000008001134                status_transition_AUTO_GREEN1_RED2
 .text.status_transition_AUTO_RED1_YELLOW2
                0x0000000008001194       0x60 ./Core/Src/global.o
                0x0000000008001194                status_transition_AUTO_RED1_YELLOW2
 .text.status_transition_AUTO_RED1_GREEN2
                0x00000000080011f4       0x60 ./Core/Src/global.o
                0x00000000080011f4                status_transition_AUTO_RED1_GREEN2
 .text.status_transition_AUTO_YELLOW1_RED2
                0x0000000008001254       0x60 ./Core/Src/global.o
                0x0000000008001254                status_transition_AUTO_YELLOW1_RED2
 .text.set_led7_segement
                0x00000000080012b4       0x28 ./Core/Src/led7_segment.o
                0x00000000080012b4                set_led7_segement
 .text.display7SEGX
                0x00000000080012dc      0x110 ./Core/Src/led7_segment.o
                0x00000000080012dc                display7SEGX
 .text.display7SEGY
                0x00000000080013ec      0x11c ./Core/Src/led7_segment.o
                0x00000000080013ec                display7SEGY
 .text.led7_segment_run02
                0x0000000008001508      0x2cc ./Core/Src/led7_segment.o
                0x0000000008001508                led7_segment_run02
 .text.led7_segment_run13
                0x00000000080017d4      0x3a4 ./Core/Src/led7_segment.o
                0x00000000080017d4                led7_segment_run13
 .text.Save_led7RED_segment_run02
                0x0000000008001b78       0x60 ./Core/Src/led7_segment.o
                0x0000000008001b78                Save_led7RED_segment_run02
 .text.Save_led7GREEN_segment_run02
                0x0000000008001bd8       0x60 ./Core/Src/led7_segment.o
                0x0000000008001bd8                Save_led7GREEN_segment_run02
 .text.Save_led7YELLOW_segment_run02
                0x0000000008001c38       0x60 ./Core/Src/led7_segment.o
                0x0000000008001c38                Save_led7YELLOW_segment_run02
 .text.Save_led7RED_segment_run13
                0x0000000008001c98       0x88 ./Core/Src/led7_segment.o
                0x0000000008001c98                Save_led7RED_segment_run13
 .text.Increase_Save_led7RED_segment_run13
                0x0000000008001d20       0x84 ./Core/Src/led7_segment.o
                0x0000000008001d20                Increase_Save_led7RED_segment_run13
 .text.Save_led7GREEN_segment_run13
                0x0000000008001da4       0x88 ./Core/Src/led7_segment.o
                0x0000000008001da4                Save_led7GREEN_segment_run13
 .text.Increase_Save_led7GREEN_segment_run13
                0x0000000008001e2c       0x84 ./Core/Src/led7_segment.o
                0x0000000008001e2c                Increase_Save_led7GREEN_segment_run13
 .text.Save_led7YELLOW_segment_run13
                0x0000000008001eb0       0x88 ./Core/Src/led7_segment.o
                0x0000000008001eb0                Save_led7YELLOW_segment_run13
 .text.Increase_Save_led7YELLOW_segment_run13
                0x0000000008001f38       0x84 ./Core/Src/led7_segment.o
                0x0000000008001f38                Increase_Save_led7YELLOW_segment_run13
 .text.LED_RED_TEST
                0x0000000008001fbc       0x14 ./Core/Src/led7_segment.o
                0x0000000008001fbc                LED_RED_TEST
 .text.LED_GREEN_TEST
                0x0000000008001fd0       0x14 ./Core/Src/led7_segment.o
                0x0000000008001fd0                LED_GREEN_TEST
 .text.LED_YELLOW_TEST
                0x0000000008001fe4       0x14 ./Core/Src/led7_segment.o
                0x0000000008001fe4                LED_YELLOW_TEST
 .text.main     0x0000000008001ff8       0x3c ./Core/Src/main.o
                0x0000000008001ff8                main
 .text.SystemClock_Config
                0x0000000008002034       0x76 ./Core/Src/main.o
                0x0000000008002034                SystemClock_Config
 *fill*         0x00000000080020aa        0x2 
 .text.MX_TIM2_Init
                0x00000000080020ac       0x98 ./Core/Src/main.o
 .text.MX_GPIO_Init
                0x0000000008002144       0xe4 ./Core/Src/main.o
 .text.HAL_TIM_PeriodElapsedCallback
                0x0000000008002228       0x18 ./Core/Src/main.o
                0x0000000008002228                HAL_TIM_PeriodElapsedCallback
 .text.Error_Handler
                0x0000000008002240        0xa ./Core/Src/main.o
                0x0000000008002240                Error_Handler
 *fill*         0x000000000800224a        0x2 
 .text.SCH_Add_Task
                0x000000000800224c       0xd8 ./Core/Src/scheduler.o
                0x000000000800224c                SCH_Add_Task
 .text.SCH_Delete_Task
                0x0000000008002324       0x9c ./Core/Src/scheduler.o
                0x0000000008002324                SCH_Delete_Task
 .text.SCH_Update
                0x00000000080023c0      0x108 ./Core/Src/scheduler.o
                0x00000000080023c0                SCH_Update
 .text.SCH_Dispatch_Tasks
                0x00000000080024c8       0xc0 ./Core/Src/scheduler.o
                0x00000000080024c8                SCH_Dispatch_Tasks
 .text.HAL_MspInit
                0x0000000008002588       0x64 ./Core/Src/stm32f1xx_hal_msp.o
                0x0000000008002588                HAL_MspInit
 .text.HAL_TIM_Base_MspInit
                0x00000000080025ec       0x48 ./Core/Src/stm32f1xx_hal_msp.o
                0x00000000080025ec                HAL_TIM_Base_MspInit
 .text.NMI_Handler
                0x0000000008002634        0x6 ./Core/Src/stm32f1xx_it.o
                0x0000000008002634                NMI_Handler
 .text.HardFault_Handler
                0x000000000800263a        0x6 ./Core/Src/stm32f1xx_it.o
                0x000000000800263a                HardFault_Handler
 .text.MemManage_Handler
                0x0000000008002640        0x6 ./Core/Src/stm32f1xx_it.o
                0x0000000008002640                MemManage_Handler
 .text.BusFault_Handler
                0x0000000008002646        0x6 ./Core/Src/stm32f1xx_it.o
                0x0000000008002646                BusFault_Handler
 .text.UsageFault_Handler
                0x000000000800264c        0x6 ./Core/Src/stm32f1xx_it.o
                0x000000000800264c                UsageFault_Handler
 .text.SVC_Handler
                0x0000000008002652        0xc ./Core/Src/stm32f1xx_it.o
                0x0000000008002652                SVC_Handler
 .text.DebugMon_Handler
                0x000000000800265e        0xc ./Core/Src/stm32f1xx_it.o
                0x000000000800265e                DebugMon_Handler
 .text.PendSV_Handler
                0x000000000800266a        0xc ./Core/Src/stm32f1xx_it.o
                0x000000000800266a                PendSV_Handler
 .text.SysTick_Handler
                0x0000000008002676        0xc ./Core/Src/stm32f1xx_it.o
                0x0000000008002676                SysTick_Handler
 *fill*         0x0000000008002682        0x2 
 .text.TIM2_IRQHandler
                0x0000000008002684       0x14 ./Core/Src/stm32f1xx_it.o
                0x0000000008002684                TIM2_IRQHandler
 .text.SystemInit
                0x0000000008002698        0xc ./Core/Src/system_stm32f1xx.o
                0x0000000008002698                SystemInit
 .text.set_led  0x00000000080026a4       0x18 ./Core/Src/traffic_light.o
                0x00000000080026a4                set_led
 .text.Turn_On_All_LED_RED
                0x00000000080026bc       0x2c ./Core/Src/traffic_light.o
                0x00000000080026bc                Turn_On_All_LED_RED
 .text.Turn_On_All_LED_GREEN
                0x00000000080026e8       0x2c ./Core/Src/traffic_light.o
                0x00000000080026e8                Turn_On_All_LED_GREEN
 .text.Turn_On_All_LED_YELLOW
                0x0000000008002714       0x2c ./Core/Src/traffic_light.o
                0x0000000008002714                Turn_On_All_LED_YELLOW
 .text.LED_RED1_GREEN2
                0x0000000008002740       0x48 ./Core/Src/traffic_light.o
                0x0000000008002740                LED_RED1_GREEN2
 .text.LED_RED1_YELLOW2
                0x0000000008002788       0x48 ./Core/Src/traffic_light.o
                0x0000000008002788                LED_RED1_YELLOW2
 .text.LED_GREEN1_RED2
                0x00000000080027d0       0x48 ./Core/Src/traffic_light.o
                0x00000000080027d0                LED_GREEN1_RED2
 .text.LED_YELLOW1_RED2
                0x0000000008002818       0x48 ./Core/Src/traffic_light.o
                0x0000000008002818                LED_YELLOW1_RED2
 .text.Reset_Handler
                0x0000000008002860       0x48 ./Core/Startup/startup_stm32f103c6ux.o
                0x0000000008002860                Reset_Handler
 .text.Default_Handler
                0x00000000080028a8        0x2 ./Core/Startup/startup_stm32f103c6ux.o
                0x00000000080028a8                RTC_Alarm_IRQHandler
                0x00000000080028a8                EXTI2_IRQHandler
                0x00000000080028a8                TIM1_CC_IRQHandler
                0x00000000080028a8                PVD_IRQHandler
                0x00000000080028a8                EXTI3_IRQHandler
                0x00000000080028a8                EXTI0_IRQHandler
                0x00000000080028a8                ADC1_2_IRQHandler
                0x00000000080028a8                SPI1_IRQHandler
                0x00000000080028a8                TAMPER_IRQHandler
                0x00000000080028a8                DMA1_Channel4_IRQHandler
                0x00000000080028a8                RTC_IRQHandler
                0x00000000080028a8                DMA1_Channel7_IRQHandler
                0x00000000080028a8                CAN1_RX1_IRQHandler
                0x00000000080028a8                I2C1_EV_IRQHandler
                0x00000000080028a8                DMA1_Channel6_IRQHandler
                0x00000000080028a8                TIM3_IRQHandler
                0x00000000080028a8                RCC_IRQHandler
                0x00000000080028a8                TIM1_TRG_COM_IRQHandler
                0x00000000080028a8                DMA1_Channel1_IRQHandler
                0x00000000080028a8                Default_Handler
                0x00000000080028a8                EXTI15_10_IRQHandler
                0x00000000080028a8                EXTI9_5_IRQHandler
                0x00000000080028a8                DMA1_Channel5_IRQHandler
                0x00000000080028a8                EXTI4_IRQHandler
                0x00000000080028a8                USB_LP_CAN1_RX0_IRQHandler
                0x00000000080028a8                USB_HP_CAN1_TX_IRQHandler
                0x00000000080028a8                DMA1_Channel3_IRQHandler
                0x00000000080028a8                TIM1_UP_IRQHandler
                0x00000000080028a8                WWDG_IRQHandler
                0x00000000080028a8                TIM1_BRK_IRQHandler
                0x00000000080028a8                EXTI1_IRQHandler
                0x00000000080028a8                USART2_IRQHandler
                0x00000000080028a8                DMA1_Channel2_IRQHandler
                0x00000000080028a8                CAN1_SCE_IRQHandler
                0x00000000080028a8                FLASH_IRQHandler
                0x00000000080028a8                USART1_IRQHandler
                0x00000000080028a8                I2C1_ER_IRQHandler
                0x00000000080028a8                USBWakeUp_IRQHandler
 *fill*         0x00000000080028aa        0x2 
 .text.HAL_Init
                0x00000000080028ac       0x2c ./Drivers/STM32F1xx_HAL_Driver/Src/stm32f1xx_hal.o
                0x00000000080028ac                HAL_Init
 .text.HAL_InitTick
                0x00000000080028d8       0x60 ./Drivers/STM32F1xx_HAL_Driver/Src/stm32f1xx_hal.o
                0x00000000080028d8                HAL_InitTick
 .text.HAL_IncTick
                0x0000000008002938       0x24 ./Drivers/STM32F1xx_HAL_Driver/Src/stm32f1xx_hal.o
                0x0000000008002938                HAL_IncTick
 .text.HAL_GetTick
                0x000000000800295c       0x14 ./Drivers/STM32F1xx_HAL_Driver/Src/stm32f1xx_hal.o
                0x000000000800295c                HAL_GetTick
 .text.__NVIC_SetPriorityGrouping
                0x0000000008002970       0x48 ./Drivers/STM32F1xx_HAL_Driver/Src/stm32f1xx_hal_cortex.o
 .text.__NVIC_GetPriorityGrouping
                0x00000000080029b8       0x1c ./Drivers/STM32F1xx_HAL_Driver/Src/stm32f1xx_hal_cortex.o
 .text.__NVIC_EnableIRQ
                0x00000000080029d4       0x38 ./Drivers/STM32F1xx_HAL_Driver/Src/stm32f1xx_hal_cortex.o
 .text.__NVIC_SetPriority
                0x0000000008002a0c       0x54 ./Drivers/STM32F1xx_HAL_Driver/Src/stm32f1xx_hal_cortex.o
 .text.NVIC_EncodePriority
                0x0000000008002a60       0x64 ./Drivers/STM32F1xx_HAL_Driver/Src/stm32f1xx_hal_cortex.o
 .text.SysTick_Config
                0x0000000008002ac4       0x44 ./Drivers/STM32F1xx_HAL_Driver/Src/stm32f1xx_hal_cortex.o
 .text.HAL_NVIC_SetPriorityGrouping
                0x0000000008002b08       0x16 ./Drivers/STM32F1xx_HAL_Driver/Src/stm32f1xx_hal_cortex.o
                0x0000000008002b08                HAL_NVIC_SetPriorityGrouping
 .text.HAL_NVIC_SetPriority
                0x0000000008002b1e       0x38 ./Drivers/STM32F1xx_HAL_Driver/Src/stm32f1xx_hal_cortex.o
                0x0000000008002b1e                HAL_NVIC_SetPriority
 .text.HAL_NVIC_EnableIRQ
                0x0000000008002b56       0x1c ./Drivers/STM32F1xx_HAL_Driver/Src/stm32f1xx_hal_cortex.o
                0x0000000008002b56                HAL_NVIC_EnableIRQ
 .text.HAL_SYSTICK_Config
                0x0000000008002b72       0x18 ./Drivers/STM32F1xx_HAL_Driver/Src/stm32f1xx_hal_cortex.o
                0x0000000008002b72                HAL_SYSTICK_Config
 *fill*         0x0000000008002b8a        0x2 
 .text.HAL_GPIO_Init
                0x0000000008002b8c      0x2f4 ./Drivers/STM32F1xx_HAL_Driver/Src/stm32f1xx_hal_gpio.o
                0x0000000008002b8c                HAL_GPIO_Init
 .text.HAL_GPIO_ReadPin
                0x0000000008002e80       0x2e ./Drivers/STM32F1xx_HAL_Driver/Src/stm32f1xx_hal_gpio.o
                0x0000000008002e80                HAL_GPIO_ReadPin
 .text.HAL_GPIO_WritePin
                0x0000000008002eae       0x30 ./Drivers/STM32F1xx_HAL_Driver/Src/stm32f1xx_hal_gpio.o
                0x0000000008002eae                HAL_GPIO_WritePin
 .text.HAL_GPIO_TogglePin
                0x0000000008002ede       0x32 ./Drivers/STM32F1xx_HAL_Driver/Src/stm32f1xx_hal_gpio.o
                0x0000000008002ede                HAL_GPIO_TogglePin
 .text.HAL_RCC_OscConfig
                0x0000000008002f10      0x500 ./Drivers/STM32F1xx_HAL_Driver/Src/stm32f1xx_hal_rcc.o
                0x0000000008002f10                HAL_RCC_OscConfig
 .text.HAL_RCC_ClockConfig
                0x0000000008003410      0x1d4 ./Drivers/STM32F1xx_HAL_Driver/Src/stm32f1xx_hal_rcc.o
                0x0000000008003410                HAL_RCC_ClockConfig
 .text.HAL_RCC_GetSysClockFreq
                0x00000000080035e4       0xa8 ./Drivers/STM32F1xx_HAL_Driver/Src/stm32f1xx_hal_rcc.o
                0x00000000080035e4                HAL_RCC_GetSysClockFreq
 .text.RCC_Delay
                0x000000000800368c       0x3c ./Drivers/STM32F1xx_HAL_Driver/Src/stm32f1xx_hal_rcc.o
 .text.HAL_TIM_Base_Init
                0x00000000080036c8       0x9e ./Drivers/STM32F1xx_HAL_Driver/Src/stm32f1xx_hal_tim.o
                0x00000000080036c8                HAL_TIM_Base_Init
 *fill*         0x0000000008003766        0x2 
 .text.HAL_TIM_Base_Start_IT
                0x0000000008003768       0x98 ./Drivers/STM32F1xx_HAL_Driver/Src/stm32f1xx_hal_tim.o
                0x0000000008003768                HAL_TIM_Base_Start_IT
 .text.HAL_TIM_IRQHandler
                0x0000000008003800      0x1e0 ./Drivers/STM32F1xx_HAL_Driver/Src/stm32f1xx_hal_tim.o
                0x0000000008003800                HAL_TIM_IRQHandler
 .text.HAL_TIM_ConfigClockSource
                0x00000000080039e0      0x18e ./Drivers/STM32F1xx_HAL_Driver/Src/stm32f1xx_hal_tim.o
                0x00000000080039e0                HAL_TIM_ConfigClockSource
 .text.HAL_TIM_OC_DelayElapsedCallback
                0x0000000008003b6e       0x12 ./Drivers/STM32F1xx_HAL_Driver/Src/stm32f1xx_hal_tim.o
                0x0000000008003b6e                HAL_TIM_OC_DelayElapsedCallback
 .text.HAL_TIM_IC_CaptureCallback
                0x0000000008003b80       0x12 ./Drivers/STM32F1xx_HAL_Driver/Src/stm32f1xx_hal_tim.o
                0x0000000008003b80                HAL_TIM_IC_CaptureCallback
 .text.HAL_TIM_PWM_PulseFinishedCallback
                0x0000000008003b92       0x12 ./Drivers/STM32F1xx_HAL_Driver/Src/stm32f1xx_hal_tim.o
                0x0000000008003b92                HAL_TIM_PWM_PulseFinishedCallback
 .text.HAL_TIM_TriggerCallback
                0x0000000008003ba4       0x12 ./Drivers/STM32F1xx_HAL_Driver/Src/stm32f1xx_hal_tim.o
                0x0000000008003ba4                HAL_TIM_TriggerCallback
 *fill*         0x0000000008003bb6        0x2 
 .text.TIM_Base_SetConfig
                0x0000000008003bb8       0xc8 ./Drivers/STM32F1xx_HAL_Driver/Src/stm32f1xx_hal_tim.o
                0x0000000008003bb8                TIM_Base_SetConfig
 .text.TIM_TI1_ConfigInputStage
                0x0000000008003c80       0x5c ./Drivers/STM32F1xx_HAL_Driver/Src/stm32f1xx_hal_tim.o
 .text.TIM_TI2_ConfigInputStage
                0x0000000008003cdc       0x5e ./Drivers/STM32F1xx_HAL_Driver/Src/stm32f1xx_hal_tim.o
 .text.TIM_ITRx_SetConfig
                0x0000000008003d3a       0x34 ./Drivers/STM32F1xx_HAL_Driver/Src/stm32f1xx_hal_tim.o
 .text.TIM_ETR_SetConfig
                0x0000000008003d6e       0x3e ./Drivers/STM32F1xx_HAL_Driver/Src/stm32f1xx_hal_tim.o
                0x0000000008003d6e                TIM_ETR_SetConfig
 .text.HAL_TIMEx_MasterConfigSynchronization
                0x0000000008003dac       0xb0 ./Drivers/STM32F1xx_HAL_Driver/Src/stm32f1xx_hal_tim_ex.o
                0x0000000008003dac                HAL_TIMEx_MasterConfigSynchronization
 .text.HAL_TIMEx_CommutCallback
                0x0000000008003e5c       0x12 ./Drivers/STM32F1xx_HAL_Driver/Src/stm32f1xx_hal_tim_ex.o
                0x0000000008003e5c                HAL_TIMEx_CommutCallback
 .text.HAL_TIMEx_BreakCallback
                0x0000000008003e6e       0x12 ./Drivers/STM32F1xx_HAL_Driver/Src/stm32f1xx_hal_tim_ex.o
                0x0000000008003e6e                HAL_TIMEx_BreakCallback
 .text.__libc_init_array
                0x0000000008003e80       0x48 e:/microprocessors-microcontrollers/stm32cubeide_1.7.0/stm32cubeide/plugins/com.st.stm32cube.ide.mcu.externaltools.gnu-tools-for-stm32.9-2020-q2-update.win32_2.0.0.202105311346/tools/bin/../lib/gcc/arm-none-eabi/9.3.1/../../../../arm-none-eabi/lib/thumb/v7-m/nofp\libc_nano.a(lib_a-init.o)
                0x0000000008003e80                __libc_init_array
 .text.memset   0x0000000008003ec8       0x10 e:/microprocessors-microcontrollers/stm32cubeide_1.7.0/stm32cubeide/plugins/com.st.stm32cube.ide.mcu.externaltools.gnu-tools-for-stm32.9-2020-q2-update.win32_2.0.0.202105311346/tools/bin/../lib/gcc/arm-none-eabi/9.3.1/../../../../arm-none-eabi/lib/thumb/v7-m/nofp\libc_nano.a(lib_a-memset.o)
                0x0000000008003ec8                memset
 *(.glue_7)
 .glue_7        0x0000000008003ed8        0x0 linker stubs
 *(.glue_7t)
 .glue_7t       0x0000000008003ed8        0x0 linker stubs
 *(.eh_frame)
 .eh_frame      0x0000000008003ed8        0x0 e:/microprocessors-microcontrollers/stm32cubeide_1.7.0/stm32cubeide/plugins/com.st.stm32cube.ide.mcu.externaltools.gnu-tools-for-stm32.9-2020-q2-update.win32_2.0.0.202105311346/tools/bin/../lib/gcc/arm-none-eabi/9.3.1/thumb/v7-m/nofp/crtbegin.o
 *(.init)
 .init          0x0000000008003ed8        0x4 e:/microprocessors-microcontrollers/stm32cubeide_1.7.0/stm32cubeide/plugins/com.st.stm32cube.ide.mcu.externaltools.gnu-tools-for-stm32.9-2020-q2-update.win32_2.0.0.202105311346/tools/bin/../lib/gcc/arm-none-eabi/9.3.1/thumb/v7-m/nofp/crti.o
                0x0000000008003ed8                _init
 .init          0x0000000008003edc        0x8 e:/microprocessors-microcontrollers/stm32cubeide_1.7.0/stm32cubeide/plugins/com.st.stm32cube.ide.mcu.externaltools.gnu-tools-for-stm32.9-2020-q2-update.win32_2.0.0.202105311346/tools/bin/../lib/gcc/arm-none-eabi/9.3.1/thumb/v7-m/nofp/crtn.o
 *(.fini)
 .fini          0x0000000008003ee4        0x4 e:/microprocessors-microcontrollers/stm32cubeide_1.7.0/stm32cubeide/plugins/com.st.stm32cube.ide.mcu.externaltools.gnu-tools-for-stm32.9-2020-q2-update.win32_2.0.0.202105311346/tools/bin/../lib/gcc/arm-none-eabi/9.3.1/thumb/v7-m/nofp/crti.o
                0x0000000008003ee4                _fini
 .fini          0x0000000008003ee8        0x8 e:/microprocessors-microcontrollers/stm32cubeide_1.7.0/stm32cubeide/plugins/com.st.stm32cube.ide.mcu.externaltools.gnu-tools-for-stm32.9-2020-q2-update.win32_2.0.0.202105311346/tools/bin/../lib/gcc/arm-none-eabi/9.3.1/thumb/v7-m/nofp/crtn.o
                0x0000000008003ef0                . = ALIGN (0x4)
                0x0000000008003ef0                _etext = .

.vfp11_veneer   0x0000000008003ef0        0x0
 .vfp11_veneer  0x0000000008003ef0        0x0 linker stubs

.v4_bx          0x0000000008003ef0        0x0
 .v4_bx         0x0000000008003ef0        0x0 linker stubs

.iplt           0x0000000008003ef0        0x0
 .iplt          0x0000000008003ef0        0x0 e:/microprocessors-microcontrollers/stm32cubeide_1.7.0/stm32cubeide/plugins/com.st.stm32cube.ide.mcu.externaltools.gnu-tools-for-stm32.9-2020-q2-update.win32_2.0.0.202105311346/tools/bin/../lib/gcc/arm-none-eabi/9.3.1/thumb/v7-m/nofp/crtbegin.o

.rodata         0x0000000008003ef0       0x30
                0x0000000008003ef0                . = ALIGN (0x4)
 *(.rodata)
 .rodata        0x0000000008003ef0        0xa ./Core/Src/led7_segment.o
 *(.rodata*)
 *fill*         0x0000000008003efa        0x2 
 .rodata.AHBPrescTable
                0x0000000008003efc       0x10 ./Core/Src/system_stm32f1xx.o
                0x0000000008003efc                AHBPrescTable
 .rodata.aPLLMULFactorTable.6032
                0x0000000008003f0c       0x10 ./Drivers/STM32F1xx_HAL_Driver/Src/stm32f1xx_hal_rcc.o
 .rodata.aPredivFactorTable.6033
                0x0000000008003f1c        0x2 ./Drivers/STM32F1xx_HAL_Driver/Src/stm32f1xx_hal_rcc.o
                0x0000000008003f20                . = ALIGN (0x4)
 *fill*         0x0000000008003f1e        0x2 

.rel.dyn        0x0000000008003f20        0x0
 .rel.iplt      0x0000000008003f20        0x0 e:/microprocessors-microcontrollers/stm32cubeide_1.7.0/stm32cubeide/plugins/com.st.stm32cube.ide.mcu.externaltools.gnu-tools-for-stm32.9-2020-q2-update.win32_2.0.0.202105311346/tools/bin/../lib/gcc/arm-none-eabi/9.3.1/thumb/v7-m/nofp/crtbegin.o

.ARM.extab      0x0000000008003f20        0x0
                0x0000000008003f20                . = ALIGN (0x4)
 *(.ARM.extab* .gnu.linkonce.armextab.*)
                0x0000000008003f20                . = ALIGN (0x4)

.ARM            0x0000000008003f20        0x0
                0x0000000008003f20                . = ALIGN (0x4)
                0x0000000008003f20                __exidx_start = .
 *(.ARM.exidx*)
                0x0000000008003f20                __exidx_end = .
                0x0000000008003f20                . = ALIGN (0x4)

.preinit_array  0x0000000008003f20        0x0
                0x0000000008003f20                . = ALIGN (0x4)
                0x0000000008003f20                PROVIDE (__preinit_array_start = .)
 *(.preinit_array*)
                0x0000000008003f20                PROVIDE (__preinit_array_end = .)
                0x0000000008003f20                . = ALIGN (0x4)

.init_array     0x0000000008003f20        0x4
                0x0000000008003f20                . = ALIGN (0x4)
                0x0000000008003f20                PROVIDE (__init_array_start = .)
 *(SORT_BY_NAME(.init_array.*))
 *(.init_array*)
 .init_array    0x0000000008003f20        0x4 e:/microprocessors-microcontrollers/stm32cubeide_1.7.0/stm32cubeide/plugins/com.st.stm32cube.ide.mcu.externaltools.gnu-tools-for-stm32.9-2020-q2-update.win32_2.0.0.202105311346/tools/bin/../lib/gcc/arm-none-eabi/9.3.1/thumb/v7-m/nofp/crtbegin.o
                0x0000000008003f24                PROVIDE (__init_array_end = .)
                0x0000000008003f24                . = ALIGN (0x4)

.fini_array     0x0000000008003f24        0x4
                0x0000000008003f24                . = ALIGN (0x4)
                [!provide]                        PROVIDE (__fini_array_start = .)
 *(SORT_BY_NAME(.fini_array.*))
 *(.fini_array*)
 .fini_array    0x0000000008003f24        0x4 e:/microprocessors-microcontrollers/stm32cubeide_1.7.0/stm32cubeide/plugins/com.st.stm32cube.ide.mcu.externaltools.gnu-tools-for-stm32.9-2020-q2-update.win32_2.0.0.202105311346/tools/bin/../lib/gcc/arm-none-eabi/9.3.1/thumb/v7-m/nofp/crtbegin.o
                [!provide]                        PROVIDE (__fini_array_end = .)
                0x0000000008003f28                . = ALIGN (0x4)
                0x0000000008003f28                _sidata = LOADADDR (.data)

.data           0x0000000020000000       0x74 load address 0x0000000008003f28
                0x0000000020000000                . = ALIGN (0x4)
                0x0000000020000000                _sdata = .
 *(.data)
 *(.data*)
 .data.KeyReg0  0x0000000020000000        0xc ./Core/Src/button.o
                0x0000000020000000                KeyReg0
 .data.KeyReg1  0x000000002000000c        0xc ./Core/Src/button.o
                0x000000002000000c                KeyReg1
 .data.KeyReg2  0x0000000020000018        0xc ./Core/Src/button.o
                0x0000000020000018                KeyReg2
 .data.KeyReg3  0x0000000020000024        0xc ./Core/Src/button.o
                0x0000000020000024                KeyReg3
 .data.TimerForKeyPress
                0x0000000020000030        0xc ./Core/Src/button.o
                0x0000000020000030                TimerForKeyPress
 .data.Button_GPIO_Port
                0x000000002000003c        0xc ./Core/Src/button.o
                0x000000002000003c                Button_GPIO_Port
 .data.Button_Pin
                0x0000000020000048        0x6 ./Core/Src/button.o
                0x0000000020000048                Button_Pin
 *fill*         0x000000002000004e        0x2 
 .data.a        0x0000000020000050        0x4 ./Core/Src/led7_segment.o
                0x0000000020000050                a
 .data.b        0x0000000020000054        0x4 ./Core/Src/led7_segment.o
                0x0000000020000054                b
 .data.c        0x0000000020000058        0x4 ./Core/Src/led7_segment.o
                0x0000000020000058                c
 .data.counterred
                0x000000002000005c        0x4 ./Core/Src/led7_segment.o
                0x000000002000005c                counterred
 .data.countergreen
                0x0000000020000060        0x4 ./Core/Src/led7_segment.o
                0x0000000020000060                countergreen
 .data.counteryellow
                0x0000000020000064        0x4 ./Core/Src/led7_segment.o
                0x0000000020000064                counteryellow
 .data.SystemCoreClock
                0x0000000020000068        0x4 ./Core/Src/system_stm32f1xx.o
                0x0000000020000068                SystemCoreClock
 .data.uwTickPrio
                0x000000002000006c        0x4 ./Drivers/STM32F1xx_HAL_Driver/Src/stm32f1xx_hal.o
                0x000000002000006c                uwTickPrio
 .data.uwTickFreq
                0x0000000020000070        0x1 ./Drivers/STM32F1xx_HAL_Driver/Src/stm32f1xx_hal.o
                0x0000000020000070                uwTickFreq
 *(.RamFunc)
 *(.RamFunc*)
                0x0000000020000074                . = ALIGN (0x4)
 *fill*         0x0000000020000071        0x3 
                0x0000000020000074                _edata = .

.igot.plt       0x0000000020000074        0x0 load address 0x0000000008003f9c
 .igot.plt      0x0000000020000074        0x0 e:/microprocessors-microcontrollers/stm32cubeide_1.7.0/stm32cubeide/plugins/com.st.stm32cube.ide.mcu.externaltools.gnu-tools-for-stm32.9-2020-q2-update.win32_2.0.0.202105311346/tools/bin/../lib/gcc/arm-none-eabi/9.3.1/thumb/v7-m/nofp/crtbegin.o
                0x0000000020000074                . = ALIGN (0x4)

.bss            0x0000000020000074      0x418 load address 0x0000000008003f9c
                0x0000000020000074                _sbss = .
                0x0000000020000074                __bss_start__ = _sbss
 *(.bss)
 .bss           0x0000000020000074       0x1c e:/microprocessors-microcontrollers/stm32cubeide_1.7.0/stm32cubeide/plugins/com.st.stm32cube.ide.mcu.externaltools.gnu-tools-for-stm32.9-2020-q2-update.win32_2.0.0.202105311346/tools/bin/../lib/gcc/arm-none-eabi/9.3.1/thumb/v7-m/nofp/crtbegin.o
 *(.bss*)
 .bss.Button_flag
                0x0000000020000090        0xc ./Core/Src/button.o
                0x0000000020000090                Button_flag
 .bss.check     0x000000002000009c        0x4 ./Core/Src/fsm_automatic.o
                0x000000002000009c                check
 .bss.checksavered
                0x00000000200000a0        0x4 ./Core/Src/fsm_automatic.o
                0x00000000200000a0                checksavered
 .bss.checksavegreen
                0x00000000200000a4        0x4 ./Core/Src/fsm_automatic.o
                0x00000000200000a4                checksavegreen
 .bss.checksaveyellow
                0x00000000200000a8        0x4 ./Core/Src/fsm_automatic.o
                0x00000000200000a8                checksaveyellow
 .bss.status    0x00000000200000ac        0x4 ./Core/Src/global.o
                0x00000000200000ac                status
 .bss.idx_led02
                0x00000000200000b0        0x4 ./Core/Src/led7_segment.o
                0x00000000200000b0                idx_led02
 .bss.idx_led13
                0x00000000200000b4        0x4 ./Core/Src/led7_segment.o
                0x00000000200000b4                idx_led13
 .bss.savecounteryellow13
                0x00000000200000b8        0x4 ./Core/Src/led7_segment.o
                0x00000000200000b8                savecounteryellow13
 .bss.checkcounteryellow
                0x00000000200000bc        0x4 ./Core/Src/led7_segment.o
                0x00000000200000bc                checkcounteryellow
 .bss.SCH_task_head
                0x00000000200000c0        0x1 ./Core/Src/scheduler.o
                0x00000000200000c0                SCH_task_head
 .bss.SCH_task_tail
                0x00000000200000c1        0x1 ./Core/Src/scheduler.o
                0x00000000200000c1                SCH_task_tail
 *(COMMON)
 *fill*         0x00000000200000c2        0x2 
 COMMON         0x00000000200000c4       0x3c ./Core/Src/fsm_automatic.o
                0x00000000200000c4                task_id1
                0x00000000200000c8                task_id5
                0x00000000200000cc                task_id11
                0x00000000200000d0                task_id10
                0x00000000200000d4                task_id7
                0x00000000200000d8                task_id4
                0x00000000200000dc                task_id12
                0x00000000200000e0                task_id6
                0x00000000200000e4                task_id15
                0x00000000200000e8                task_id9
                0x00000000200000ec                task_id8
                0x00000000200000f0                task_id2
                0x00000000200000f4                task_id13
                0x00000000200000f8                task_id3
                0x00000000200000fc                task_id14
 COMMON         0x0000000020000100       0x20 ./Core/Src/led7_segment.o
                0x0000000020000100                savecounterred02
                0x0000000020000104                savecountergreen13
                0x0000000020000108                checkcountergreen
                0x000000002000010c                checkcountergreen02
                0x0000000020000110                checkcounterred
                0x0000000020000114                savecounterred13
                0x0000000020000118                savecountergreen02
                0x000000002000011c                checkcounterred02
 COMMON         0x0000000020000120       0x48 ./Core/Src/main.o
                0x0000000020000120                htim2
 COMMON         0x0000000020000168      0x320 ./Core/Src/scheduler.o
                0x0000000020000168                SCH_tasks_G
 COMMON         0x0000000020000488        0x4 ./Drivers/STM32F1xx_HAL_Driver/Src/stm32f1xx_hal.o
                0x0000000020000488                uwTick
                0x000000002000048c                . = ALIGN (0x4)
                0x000000002000048c                _ebss = .
                0x000000002000048c                __bss_end__ = _ebss

._user_heap_stack
                0x000000002000048c      0x604 load address 0x0000000008003f9c
                0x0000000020000490                . = ALIGN (0x8)
 *fill*         0x000000002000048c        0x4 
                [!provide]                        PROVIDE (end = .)
                0x0000000020000490                PROVIDE (_end = .)
                0x0000000020000690                . = (. + _Min_Heap_Size)
 *fill*         0x0000000020000490      0x200 
                0x0000000020000a90                . = (. + _Min_Stack_Size)
 *fill*         0x0000000020000690      0x400 
                0x0000000020000a90                . = ALIGN (0x8)

/DISCARD/
 libc.a(*)
 libm.a(*)
 libgcc.a(*)

.ARM.attributes
                0x0000000000000000       0x29
 *(.ARM.attributes)
 .ARM.attributes
                0x0000000000000000       0x1d e:/microprocessors-microcontrollers/stm32cubeide_1.7.0/stm32cubeide/plugins/com.st.stm32cube.ide.mcu.externaltools.gnu-tools-for-stm32.9-2020-q2-update.win32_2.0.0.202105311346/tools/bin/../lib/gcc/arm-none-eabi/9.3.1/thumb/v7-m/nofp/crti.o
 .ARM.attributes
                0x000000000000001d       0x2d e:/microprocessors-microcontrollers/stm32cubeide_1.7.0/stm32cubeide/plugins/com.st.stm32cube.ide.mcu.externaltools.gnu-tools-for-stm32.9-2020-q2-update.win32_2.0.0.202105311346/tools/bin/../lib/gcc/arm-none-eabi/9.3.1/thumb/v7-m/nofp/crtbegin.o
 .ARM.attributes
                0x000000000000004a       0x2d ./Core/Src/button.o
 .ARM.attributes
                0x0000000000000077       0x2d ./Core/Src/fsm_automatic.o
 .ARM.attributes
                0x00000000000000a4       0x2d ./Core/Src/fsm_manual.o
 .ARM.attributes
                0x00000000000000d1       0x2d ./Core/Src/fsm_setting.o
 .ARM.attributes
                0x00000000000000fe       0x2d ./Core/Src/global.o
 .ARM.attributes
                0x000000000000012b       0x2d ./Core/Src/led7_segment.o
 .ARM.attributes
                0x0000000000000158       0x2d ./Core/Src/main.o
 .ARM.attributes
                0x0000000000000185       0x2d ./Core/Src/scheduler.o
 .ARM.attributes
                0x00000000000001b2       0x2d ./Core/Src/stm32f1xx_hal_msp.o
 .ARM.attributes
                0x00000000000001df       0x2d ./Core/Src/stm32f1xx_it.o
 .ARM.attributes
                0x000000000000020c       0x2d ./Core/Src/system_stm32f1xx.o
 .ARM.attributes
                0x0000000000000239       0x2d ./Core/Src/traffic_light.o
 .ARM.attributes
                0x0000000000000266       0x21 ./Core/Startup/startup_stm32f103c6ux.o
 .ARM.attributes
                0x0000000000000287       0x2d ./Drivers/STM32F1xx_HAL_Driver/Src/stm32f1xx_hal.o
 .ARM.attributes
                0x00000000000002b4       0x2d ./Drivers/STM32F1xx_HAL_Driver/Src/stm32f1xx_hal_cortex.o
 .ARM.attributes
                0x00000000000002e1       0x2d ./Drivers/STM32F1xx_HAL_Driver/Src/stm32f1xx_hal_gpio.o
 .ARM.attributes
                0x000000000000030e       0x2d ./Drivers/STM32F1xx_HAL_Driver/Src/stm32f1xx_hal_rcc.o
 .ARM.attributes
                0x000000000000033b       0x2d ./Drivers/STM32F1xx_HAL_Driver/Src/stm32f1xx_hal_tim.o
 .ARM.attributes
                0x0000000000000368       0x2d ./Drivers/STM32F1xx_HAL_Driver/Src/stm32f1xx_hal_tim_ex.o
 .ARM.attributes
                0x0000000000000395       0x2d e:/microprocessors-microcontrollers/stm32cubeide_1.7.0/stm32cubeide/plugins/com.st.stm32cube.ide.mcu.externaltools.gnu-tools-for-stm32.9-2020-q2-update.win32_2.0.0.202105311346/tools/bin/../lib/gcc/arm-none-eabi/9.3.1/../../../../arm-none-eabi/lib/thumb/v7-m/nofp\libc_nano.a(lib_a-init.o)
 .ARM.attributes
                0x00000000000003c2       0x2d e:/microprocessors-microcontrollers/stm32cubeide_1.7.0/stm32cubeide/plugins/com.st.stm32cube.ide.mcu.externaltools.gnu-tools-for-stm32.9-2020-q2-update.win32_2.0.0.202105311346/tools/bin/../lib/gcc/arm-none-eabi/9.3.1/../../../../arm-none-eabi/lib/thumb/v7-m/nofp\libc_nano.a(lib_a-memset.o)
 .ARM.attributes
                0x00000000000003ef       0x1d e:/microprocessors-microcontrollers/stm32cubeide_1.7.0/stm32cubeide/plugins/com.st.stm32cube.ide.mcu.externaltools.gnu-tools-for-stm32.9-2020-q2-update.win32_2.0.0.202105311346/tools/bin/../lib/gcc/arm-none-eabi/9.3.1/thumb/v7-m/nofp/crtn.o
OUTPUT(LAB4_Exercise.elf elf32-littlearm)
LOAD linker stubs
LOAD e:/microprocessors-microcontrollers/stm32cubeide_1.7.0/stm32cubeide/plugins/com.st.stm32cube.ide.mcu.externaltools.gnu-tools-for-stm32.9-2020-q2-update.win32_2.0.0.202105311346/tools/bin/../lib/gcc/arm-none-eabi/9.3.1/../../../../arm-none-eabi/lib/thumb/v7-m/nofp\libc.a
LOAD e:/microprocessors-microcontrollers/stm32cubeide_1.7.0/stm32cubeide/plugins/com.st.stm32cube.ide.mcu.externaltools.gnu-tools-for-stm32.9-2020-q2-update.win32_2.0.0.202105311346/tools/bin/../lib/gcc/arm-none-eabi/9.3.1/../../../../arm-none-eabi/lib/thumb/v7-m/nofp\libm.a
LOAD e:/microprocessors-microcontrollers/stm32cubeide_1.7.0/stm32cubeide/plugins/com.st.stm32cube.ide.mcu.externaltools.gnu-tools-for-stm32.9-2020-q2-update.win32_2.0.0.202105311346/tools/bin/../lib/gcc/arm-none-eabi/9.3.1/thumb/v7-m/nofp\libgcc.a

.debug_info     0x0000000000000000     0xa620
 .debug_info    0x0000000000000000      0x36d ./Core/Src/button.o
 .debug_info    0x000000000000036d      0x4ea ./Core/Src/fsm_automatic.o
 .debug_info    0x0000000000000857      0x3b4 ./Core/Src/fsm_manual.o
 .debug_info    0x0000000000000c0b      0x3b4 ./Core/Src/fsm_setting.o
 .debug_info    0x0000000000000fbf      0x414 ./Core/Src/global.o
 .debug_info    0x00000000000013d3      0x678 ./Core/Src/led7_segment.o
 .debug_info    0x0000000000001a4b      0xdd5 ./Core/Src/main.o
 .debug_info    0x0000000000002820      0x237 ./Core/Src/scheduler.o
 .debug_info    0x0000000000002a57      0xa09 ./Core/Src/stm32f1xx_hal_msp.o
 .debug_info    0x0000000000003460      0x7b9 ./Core/Src/stm32f1xx_it.o
 .debug_info    0x0000000000003c19      0x2be ./Core/Src/system_stm32f1xx.o
 .debug_info    0x0000000000003ed7      0x2d8 ./Core/Src/traffic_light.o
 .debug_info    0x00000000000041af       0x22 ./Core/Startup/startup_stm32f103c6ux.o
 .debug_info    0x00000000000041d1      0x74c ./Drivers/STM32F1xx_HAL_Driver/Src/stm32f1xx_hal.o
 .debug_info    0x000000000000491d      0xbbe ./Drivers/STM32F1xx_HAL_Driver/Src/stm32f1xx_hal_cortex.o
 .debug_info    0x00000000000054db      0x701 ./Drivers/STM32F1xx_HAL_Driver/Src/stm32f1xx_hal_gpio.o
 .debug_info    0x0000000000005bdc      0x893 ./Drivers/STM32F1xx_HAL_Driver/Src/stm32f1xx_hal_rcc.o
 .debug_info    0x000000000000646f     0x2c32 ./Drivers/STM32F1xx_HAL_Driver/Src/stm32f1xx_hal_tim.o
 .debug_info    0x00000000000090a1     0x157f ./Drivers/STM32F1xx_HAL_Driver/Src/stm32f1xx_hal_tim_ex.o

.debug_abbrev   0x0000000000000000     0x1dd1
 .debug_abbrev  0x0000000000000000      0x177 ./Core/Src/button.o
 .debug_abbrev  0x0000000000000177      0x103 ./Core/Src/fsm_automatic.o
 .debug_abbrev  0x000000000000027a       0xc9 ./Core/Src/fsm_manual.o
 .debug_abbrev  0x0000000000000343       0xc9 ./Core/Src/fsm_setting.o
 .debug_abbrev  0x000000000000040c       0xd8 ./Core/Src/global.o
 .debug_abbrev  0x00000000000004e4      0x1aa ./Core/Src/led7_segment.o
 .debug_abbrev  0x000000000000068e      0x25b ./Core/Src/main.o
 .debug_abbrev  0x00000000000008e9      0x13d ./Core/Src/scheduler.o
 .debug_abbrev  0x0000000000000a26      0x1b7 ./Core/Src/stm32f1xx_hal_msp.o
 .debug_abbrev  0x0000000000000bdd      0x176 ./Core/Src/stm32f1xx_it.o
 .debug_abbrev  0x0000000000000d53      0x14e ./Core/Src/system_stm32f1xx.o
 .debug_abbrev  0x0000000000000ea1       0xff ./Core/Src/traffic_light.o
 .debug_abbrev  0x0000000000000fa0       0x12 ./Core/Startup/startup_stm32f103c6ux.o
 .debug_abbrev  0x0000000000000fb2      0x1ed ./Drivers/STM32F1xx_HAL_Driver/Src/stm32f1xx_hal.o
 .debug_abbrev  0x000000000000119f      0x313 ./Drivers/STM32F1xx_HAL_Driver/Src/stm32f1xx_hal_cortex.o
 .debug_abbrev  0x00000000000014b2      0x1e8 ./Drivers/STM32F1xx_HAL_Driver/Src/stm32f1xx_hal_gpio.o
 .debug_abbrev  0x000000000000169a      0x273 ./Drivers/STM32F1xx_HAL_Driver/Src/stm32f1xx_hal_rcc.o
 .debug_abbrev  0x000000000000190d      0x25e ./Drivers/STM32F1xx_HAL_Driver/Src/stm32f1xx_hal_tim.o
 .debug_abbrev  0x0000000000001b6b      0x266 ./Drivers/STM32F1xx_HAL_Driver/Src/stm32f1xx_hal_tim_ex.o

.debug_aranges  0x0000000000000000      0xb30
 .debug_aranges
                0x0000000000000000       0x30 ./Core/Src/button.o
 .debug_aranges
                0x0000000000000030       0x20 ./Core/Src/fsm_automatic.o
 .debug_aranges
                0x0000000000000050       0x20 ./Core/Src/fsm_manual.o
 .debug_aranges
                0x0000000000000070       0x20 ./Core/Src/fsm_setting.o
 .debug_aranges
                0x0000000000000090       0x38 ./Core/Src/global.o
 .debug_aranges
                0x00000000000000c8       0xa0 ./Core/Src/led7_segment.o
 .debug_aranges
                0x0000000000000168       0x48 ./Core/Src/main.o
 .debug_aranges
                0x00000000000001b0       0x40 ./Core/Src/scheduler.o
 .debug_aranges
                0x00000000000001f0       0x30 ./Core/Src/stm32f1xx_hal_msp.o
 .debug_aranges
                0x0000000000000220       0x68 ./Core/Src/stm32f1xx_it.o
 .debug_aranges
                0x0000000000000288       0x28 ./Core/Src/system_stm32f1xx.o
 .debug_aranges
                0x00000000000002b0       0x58 ./Core/Src/traffic_light.o
 .debug_aranges
                0x0000000000000308       0x28 ./Core/Startup/startup_stm32f103c6ux.o
 .debug_aranges
                0x0000000000000330       0xe0 ./Drivers/STM32F1xx_HAL_Driver/Src/stm32f1xx_hal.o
 .debug_aranges
                0x0000000000000410      0x100 ./Drivers/STM32F1xx_HAL_Driver/Src/stm32f1xx_hal_cortex.o
 .debug_aranges
                0x0000000000000510       0x58 ./Drivers/STM32F1xx_HAL_Driver/Src/stm32f1xx_hal_gpio.o
 .debug_aranges
                0x0000000000000568       0x90 ./Drivers/STM32F1xx_HAL_Driver/Src/stm32f1xx_hal_rcc.o
 .debug_aranges
                0x00000000000005f8      0x3d0 ./Drivers/STM32F1xx_HAL_Driver/Src/stm32f1xx_hal_tim.o
 .debug_aranges
                0x00000000000009c8      0x168 ./Drivers/STM32F1xx_HAL_Driver/Src/stm32f1xx_hal_tim_ex.o

.debug_ranges   0x0000000000000000      0xa08
 .debug_ranges  0x0000000000000000       0x20 ./Core/Src/button.o
 .debug_ranges  0x0000000000000020       0x10 ./Core/Src/fsm_automatic.o
 .debug_ranges  0x0000000000000030       0x10 ./Core/Src/fsm_manual.o
 .debug_ranges  0x0000000000000040       0x10 ./Core/Src/fsm_setting.o
 .debug_ranges  0x0000000000000050       0x28 ./Core/Src/global.o
 .debug_ranges  0x0000000000000078       0x90 ./Core/Src/led7_segment.o
 .debug_ranges  0x0000000000000108       0x38 ./Core/Src/main.o
 .debug_ranges  0x0000000000000140       0x30 ./Core/Src/scheduler.o
 .debug_ranges  0x0000000000000170       0x20 ./Core/Src/stm32f1xx_hal_msp.o
 .debug_ranges  0x0000000000000190       0x58 ./Core/Src/stm32f1xx_it.o
 .debug_ranges  0x00000000000001e8       0x18 ./Core/Src/system_stm32f1xx.o
 .debug_ranges  0x0000000000000200       0x48 ./Core/Src/traffic_light.o
 .debug_ranges  0x0000000000000248       0x20 ./Core/Startup/startup_stm32f103c6ux.o
 .debug_ranges  0x0000000000000268       0xd0 ./Drivers/STM32F1xx_HAL_Driver/Src/stm32f1xx_hal.o
 .debug_ranges  0x0000000000000338       0xf0 ./Drivers/STM32F1xx_HAL_Driver/Src/stm32f1xx_hal_cortex.o
 .debug_ranges  0x0000000000000428       0x48 ./Drivers/STM32F1xx_HAL_Driver/Src/stm32f1xx_hal_gpio.o
 .debug_ranges  0x0000000000000470       0x80 ./Drivers/STM32F1xx_HAL_Driver/Src/stm32f1xx_hal_rcc.o
 .debug_ranges  0x00000000000004f0      0x3c0 ./Drivers/STM32F1xx_HAL_Driver/Src/stm32f1xx_hal_tim.o
 .debug_ranges  0x00000000000008b0      0x158 ./Drivers/STM32F1xx_HAL_Driver/Src/stm32f1xx_hal_tim_ex.o

.debug_macro    0x0000000000000000    0x171f2
 .debug_macro   0x0000000000000000      0x1c1 ./Core/Src/button.o
 .debug_macro   0x00000000000001c1      0xa9c ./Core/Src/button.o
 .debug_macro   0x0000000000000c5d      0x215 ./Core/Src/button.o
 .debug_macro   0x0000000000000e72       0x2e ./Core/Src/button.o
 .debug_macro   0x0000000000000ea0       0x22 ./Core/Src/button.o
 .debug_macro   0x0000000000000ec2       0x22 ./Core/Src/button.o
 .debug_macro   0x0000000000000ee4       0x8e ./Core/Src/button.o
 .debug_macro   0x0000000000000f72       0x51 ./Core/Src/button.o
 .debug_macro   0x0000000000000fc3      0x103 ./Core/Src/button.o
 .debug_macro   0x00000000000010c6       0x6a ./Core/Src/button.o
 .debug_macro   0x0000000000001130      0x1df ./Core/Src/button.o
 .debug_macro   0x000000000000130f       0x1c ./Core/Src/button.o
 .debug_macro   0x000000000000132b       0x22 ./Core/Src/button.o
 .debug_macro   0x000000000000134d       0xc3 ./Core/Src/button.o
 .debug_macro   0x0000000000001410      0xd23 ./Core/Src/button.o
 .debug_macro   0x0000000000002133     0xde75 ./Core/Src/button.o
 .debug_macro   0x000000000000ffa8       0x6d ./Core/Src/button.o
 .debug_macro   0x0000000000010015     0x34a2 ./Core/Src/button.o
 .debug_macro   0x00000000000134b7      0x174 ./Core/Src/button.o
 .debug_macro   0x000000000001362b       0x5c ./Core/Src/button.o
 .debug_macro   0x0000000000013687      0x5bc ./Core/Src/button.o
 .debug_macro   0x0000000000013c43      0x1b7 ./Core/Src/button.o
 .debug_macro   0x0000000000013dfa      0x1cb ./Core/Src/button.o
 .debug_macro   0x0000000000013fc5      0x114 ./Core/Src/button.o
 .debug_macro   0x00000000000140d9      0x1b2 ./Core/Src/button.o
 .debug_macro   0x000000000001428b       0x27 ./Core/Src/button.o
 .debug_macro   0x00000000000142b2      0x12f ./Core/Src/button.o
 .debug_macro   0x00000000000143e1      0x1bc ./Core/Src/button.o
 .debug_macro   0x000000000001459d       0x34 ./Core/Src/button.o
 .debug_macro   0x00000000000145d1       0x3c ./Core/Src/button.o
 .debug_macro   0x000000000001460d       0x57 ./Core/Src/button.o
 .debug_macro   0x0000000000014664       0x87 ./Core/Src/button.o
 .debug_macro   0x00000000000146eb      0x183 ./Core/Src/button.o
 .debug_macro   0x000000000001486e      0x140 ./Core/Src/button.o
 .debug_macro   0x00000000000149ae      0x8ed ./Core/Src/button.o
 .debug_macro   0x000000000001529b       0x69 ./Core/Src/button.o
 .debug_macro   0x0000000000015304      0x154 ./Core/Src/button.o
 .debug_macro   0x0000000000015458       0x10 ./Core/Src/button.o
 .debug_macro   0x0000000000015468      0x1fd ./Core/Src/fsm_automatic.o
 .debug_macro   0x0000000000015665       0x10 ./Core/Src/fsm_automatic.o
 .debug_macro   0x0000000000015675       0x64 ./Core/Src/fsm_automatic.o
 .debug_macro   0x00000000000156d9      0x1f7 ./Core/Src/fsm_manual.o
 .debug_macro   0x00000000000158d0       0x16 ./Core/Src/fsm_manual.o
 .debug_macro   0x00000000000158e6      0x1fd ./Core/Src/fsm_setting.o
 .debug_macro   0x0000000000015ae3      0x1f9 ./Core/Src/global.o
 .debug_macro   0x0000000000015cdc      0x1b9 ./Core/Src/led7_segment.o
 .debug_macro   0x0000000000015e95      0x221 ./Core/Src/main.o
 .debug_macro   0x00000000000160b6       0x73 ./Core/Src/scheduler.o
 .debug_macro   0x0000000000016129      0x1a6 ./Core/Src/stm32f1xx_hal_msp.o
 .debug_macro   0x00000000000162cf      0x1b0 ./Core/Src/stm32f1xx_it.o
 .debug_macro   0x000000000001647f      0x197 ./Core/Src/system_stm32f1xx.o
 .debug_macro   0x0000000000016616      0x1b0 ./Core/Src/traffic_light.o
 .debug_macro   0x00000000000167c6      0x1bb ./Drivers/STM32F1xx_HAL_Driver/Src/stm32f1xx_hal.o
 .debug_macro   0x0000000000016981      0x197 ./Drivers/STM32F1xx_HAL_Driver/Src/stm32f1xx_hal_cortex.o
 .debug_macro   0x0000000000016b18      0x202 ./Drivers/STM32F1xx_HAL_Driver/Src/stm32f1xx_hal_gpio.o
 .debug_macro   0x0000000000016d1a      0x1a9 ./Drivers/STM32F1xx_HAL_Driver/Src/stm32f1xx_hal_rcc.o
 .debug_macro   0x0000000000016ec3      0x198 ./Drivers/STM32F1xx_HAL_Driver/Src/stm32f1xx_hal_tim.o
 .debug_macro   0x000000000001705b      0x197 ./Drivers/STM32F1xx_HAL_Driver/Src/stm32f1xx_hal_tim_ex.o

.debug_line     0x0000000000000000     0xe57b
 .debug_line    0x0000000000000000      0x810 ./Core/Src/button.o
 .debug_line    0x0000000000000810      0xa1a ./Core/Src/fsm_automatic.o
 .debug_line    0x000000000000122a      0x8aa ./Core/Src/fsm_manual.o
 .debug_line    0x0000000000001ad4      0x9b8 ./Core/Src/fsm_setting.o
 .debug_line    0x000000000000248c      0x851 ./Core/Src/global.o
 .debug_line    0x0000000000002cdd      0xc74 ./Core/Src/led7_segment.o
 .debug_line    0x0000000000003951      0x929 ./Core/Src/main.o
 .debug_line    0x000000000000427a      0x61b ./Core/Src/scheduler.o
 .debug_line    0x0000000000004895      0x7a6 ./Core/Src/stm32f1xx_hal_msp.o
 .debug_line    0x000000000000503b      0x844 ./Core/Src/stm32f1xx_it.o
 .debug_line    0x000000000000587f      0x7e8 ./Core/Src/system_stm32f1xx.o
 .debug_line    0x0000000000006067      0x832 ./Core/Src/traffic_light.o
 .debug_line    0x0000000000006899       0x86 ./Core/Startup/startup_stm32f103c6ux.o
 .debug_line    0x000000000000691f      0xa15 ./Drivers/STM32F1xx_HAL_Driver/Src/stm32f1xx_hal.o
 .debug_line    0x0000000000007334      0xbfd ./Drivers/STM32F1xx_HAL_Driver/Src/stm32f1xx_hal_cortex.o
 .debug_line    0x0000000000007f31      0xa98 ./Drivers/STM32F1xx_HAL_Driver/Src/stm32f1xx_hal_gpio.o
 .debug_line    0x00000000000089c9      0xe21 ./Drivers/STM32F1xx_HAL_Driver/Src/stm32f1xx_hal_rcc.o
 .debug_line    0x00000000000097ea     0x3466 ./Drivers/STM32F1xx_HAL_Driver/Src/stm32f1xx_hal_tim.o
 .debug_line    0x000000000000cc50     0x192b ./Drivers/STM32F1xx_HAL_Driver/Src/stm32f1xx_hal_tim_ex.o

.debug_str      0x0000000000000000    0x82ac0
 .debug_str     0x0000000000000000    0x7f9c7 ./Core/Src/button.o
                                      0x7fd1a (size before relaxing)
 .debug_str     0x000000000007f9c7      0x363 ./Core/Src/fsm_automatic.o
                                      0x80001 (size before relaxing)
 .debug_str     0x000000000007fd2a       0x28 ./Core/Src/fsm_manual.o
                                      0x7fffb (size before relaxing)
 .debug_str     0x000000000007fd52       0x3e ./Core/Src/fsm_setting.o
                                      0x80011 (size before relaxing)
 .debug_str     0x000000000007fd90       0xa3 ./Core/Src/global.o
                                      0x80076 (size before relaxing)
 .debug_str     0x000000000007fe33      0x1de ./Core/Src/led7_segment.o
                                      0x7ffa3 (size before relaxing)
 .debug_str     0x0000000000080011      0x6f6 ./Core/Src/main.o
                                      0x807d4 (size before relaxing)
 .debug_str     0x0000000000080707       0xc0 ./Core/Src/scheduler.o
                                       0x3d87 (size before relaxing)
 .debug_str     0x00000000000807c7      0x2ba ./Core/Src/stm32f1xx_hal_msp.o
                                      0x803f8 (size before relaxing)
 .debug_str     0x0000000000080a81       0xcd ./Core/Src/stm32f1xx_it.o
                                      0x8015a (size before relaxing)
 .debug_str     0x0000000000080b4e       0x52 ./Core/Src/system_stm32f1xx.o
                                      0x7f76b (size before relaxing)
 .debug_str     0x0000000000080ba0       0xa7 ./Core/Src/traffic_light.o
                                      0x7fcdd (size before relaxing)
 .debug_str     0x0000000000080c47       0x36 ./Core/Startup/startup_stm32f103c6ux.o
                                         0x5f (size before relaxing)
 .debug_str     0x0000000000080c7d      0x304 ./Drivers/STM32F1xx_HAL_Driver/Src/stm32f1xx_hal.o
                                      0x7fdc2 (size before relaxing)
 .debug_str     0x0000000000080f81      0x300 ./Drivers/STM32F1xx_HAL_Driver/Src/stm32f1xx_hal_cortex.o
                                      0x7fdca (size before relaxing)
 .debug_str     0x0000000000081281      0x324 ./Drivers/STM32F1xx_HAL_Driver/Src/stm32f1xx_hal_gpio.o
                                      0x7fb2f (size before relaxing)
 .debug_str     0x00000000000815a5      0x24f ./Drivers/STM32F1xx_HAL_Driver/Src/stm32f1xx_hal_rcc.o
                                      0x7fb68 (size before relaxing)
 .debug_str     0x00000000000817f4      0xdde ./Drivers/STM32F1xx_HAL_Driver/Src/stm32f1xx_hal_tim.o
                                      0x80b51 (size before relaxing)
 .debug_str     0x00000000000825d2      0x4ee ./Drivers/STM32F1xx_HAL_Driver/Src/stm32f1xx_hal_tim_ex.o
                                      0x802f2 (size before relaxing)

.comment        0x0000000000000000       0x53
 .comment       0x0000000000000000       0x53 ./Core/Src/button.o
                                         0x54 (size before relaxing)
 .comment       0x0000000000000053       0x54 ./Core/Src/fsm_automatic.o
 .comment       0x0000000000000053       0x54 ./Core/Src/fsm_manual.o
 .comment       0x0000000000000053       0x54 ./Core/Src/fsm_setting.o
 .comment       0x0000000000000053       0x54 ./Core/Src/global.o
 .comment       0x0000000000000053       0x54 ./Core/Src/led7_segment.o
 .comment       0x0000000000000053       0x54 ./Core/Src/main.o
 .comment       0x0000000000000053       0x54 ./Core/Src/scheduler.o
 .comment       0x0000000000000053       0x54 ./Core/Src/stm32f1xx_hal_msp.o
 .comment       0x0000000000000053       0x54 ./Core/Src/stm32f1xx_it.o
 .comment       0x0000000000000053       0x54 ./Core/Src/system_stm32f1xx.o
 .comment       0x0000000000000053       0x54 ./Core/Src/traffic_light.o
 .comment       0x0000000000000053       0x54 ./Drivers/STM32F1xx_HAL_Driver/Src/stm32f1xx_hal.o
 .comment       0x0000000000000053       0x54 ./Drivers/STM32F1xx_HAL_Driver/Src/stm32f1xx_hal_cortex.o
 .comment       0x0000000000000053       0x54 ./Drivers/STM32F1xx_HAL_Driver/Src/stm32f1xx_hal_gpio.o
 .comment       0x0000000000000053       0x54 ./Drivers/STM32F1xx_HAL_Driver/Src/stm32f1xx_hal_rcc.o
 .comment       0x0000000000000053       0x54 ./Drivers/STM32F1xx_HAL_Driver/Src/stm32f1xx_hal_tim.o
 .comment       0x0000000000000053       0x54 ./Drivers/STM32F1xx_HAL_Driver/Src/stm32f1xx_hal_tim_ex.o

.debug_frame    0x0000000000000000     0x2b0c
 .debug_frame   0x0000000000000000       0x84 ./Core/Src/button.o
 .debug_frame   0x0000000000000084       0x2c ./Core/Src/fsm_automatic.o
 .debug_frame   0x00000000000000b0       0x2c ./Core/Src/fsm_manual.o
 .debug_frame   0x00000000000000dc       0x2c ./Core/Src/fsm_setting.o
 .debug_frame   0x0000000000000108       0x80 ./Core/Src/global.o
 .debug_frame   0x0000000000000188      0x1fc ./Core/Src/led7_segment.o
 .debug_frame   0x0000000000000384       0xd4 ./Core/Src/main.o
 .debug_frame   0x0000000000000458       0xd4 ./Core/Src/scheduler.o
 .debug_frame   0x000000000000052c       0x80 ./Core/Src/stm32f1xx_hal_msp.o
 .debug_frame   0x00000000000005ac      0x120 ./Core/Src/stm32f1xx_it.o
 .debug_frame   0x00000000000006cc       0x58 ./Core/Src/system_stm32f1xx.o
 .debug_frame   0x0000000000000724       0xf0 ./Core/Src/traffic_light.o
 .debug_frame   0x0000000000000814      0x334 ./Drivers/STM32F1xx_HAL_Driver/Src/stm32f1xx_hal.o
 .debug_frame   0x0000000000000b48      0x428 ./Drivers/STM32F1xx_HAL_Driver/Src/stm32f1xx_hal_cortex.o
 .debug_frame   0x0000000000000f70      0x14c ./Drivers/STM32F1xx_HAL_Driver/Src/stm32f1xx_hal_gpio.o
 .debug_frame   0x00000000000010bc      0x218 ./Drivers/STM32F1xx_HAL_Driver/Src/stm32f1xx_hal_rcc.o
 .debug_frame   0x00000000000012d4     0x11b4 ./Drivers/STM32F1xx_HAL_Driver/Src/stm32f1xx_hal_tim.o
 .debug_frame   0x0000000000002488      0x638 ./Drivers/STM32F1xx_HAL_Driver/Src/stm32f1xx_hal_tim_ex.o
 .debug_frame   0x0000000000002ac0       0x2c e:/microprocessors-microcontrollers/stm32cubeide_1.7.0/stm32cubeide/plugins/com.st.stm32cube.ide.mcu.externaltools.gnu-tools-for-stm32.9-2020-q2-update.win32_2.0.0.202105311346/tools/bin/../lib/gcc/arm-none-eabi/9.3.1/../../../../arm-none-eabi/lib/thumb/v7-m/nofp\libc_nano.a(lib_a-init.o)
 .debug_frame   0x0000000000002aec       0x20 e:/microprocessors-microcontrollers/stm32cubeide_1.7.0/stm32cubeide/plugins/com.st.stm32cube.ide.mcu.externaltools.gnu-tools-for-stm32.9-2020-q2-update.win32_2.0.0.202105311346/tools/bin/../lib/gcc/arm-none-eabi/9.3.1/../../../../arm-none-eabi/lib/thumb/v7-m/nofp\libc_nano.a(lib_a-memset.o)
